// Jest Snapshot v1, https://goo.gl/fbAQLP

exports[`renders homepage unchanged 1`] = `
<div>
  <div
    class="container"
  >
    <main>
      <h1
        class="title"
      >
        Roman Numeral Calculator
      </h1>
      <form>
        <input
          role="textbox"
          type="text"
          value=""
        />
        <button
          type="submit"
        >
          Convert
        </button>
      </form>
    </main>
  </div>
</div>
`;
